// Jest Snapshot v1, https://goo.gl/fbAQLP

exports[`CheckBoxButton Component [SNAPSHOT] match the snapshot 1`] = `
<div
  className="custom_classname checkbox-button checkbox-button__small checkbox-button__checked"
  onClick={[Function]}
  style={
    Object {
      "width": "130px",
    }
  }
>
  <i
    className="checkbox-button__box"
  />
  <span
    className="checkbox-button__label"
  >
    Check
  </span>
</div>
`;
