// Jest Snapshot v1, https://goo.gl/fbAQLP

exports[`PushButton Component match the snapshot 1`] = `
<button
  className="custom_classname push-button push-button__small push-button__on"
  onClick={[Function]}
  style={
    Object {
      "width": "100px",
    }
  }
>
  PushButton
</button>
`;
