// Jest Snapshot v1, https://goo.gl/fbAQLP

exports[`TexturedRoundButton Component [SNAPSHOT] match the snapshot 1`] = `
<button
  className="custom_classname textured-round-button textured-round-button__small"
  onClick={[Function]}
  style={
    Object {
      "width": "100px",
    }
  }
>
  Textured Round Button
</button>
`;
